step 1: store M1 at tier=mid
  M1=5d80a05d-09f6-4b29-a0fb-9d1937883b16
settle 3s for post-store
step 2: access M1 (3x recall to bump counter)
settle 2s for access counter flush
step 3: write 2 sibling memories + consolidate
settle 3s for siblings settle
settle 4s for consolidation index
  pivot: m1 -> consolidated id 3f907ef8-92d9-4527-96df-333d9ce0fbc9
step 4: promote M1 to tier=long
settle 3s for promote settle
step 5: expire M1 via PUT expires_at=past
settle 3s for expire settle
step 6: archive M1 via POST /api/v1/archive
settle 4s for archive settle
step 7: restore M1
settle 3s for restore settle
step 8: archive again then hard-purge
settle 2s for re-archive settle
settle 3s for purge settle
