==1==
generated keypair for ai:s54-test-aa29fdba
  key_dir = /tmp/s54-keys-3f3a2a0e
  pub_b64 = k3-nj0bMMPodKrLigOqgHZj4QozM1idtQKpOCGsU3dc
==1rc==0
==2==
ai-memory: loaded config from /root/.config/ai-memory/config.toml
Error: keypair for ai:s54-test-aa29fdba already exists at /tmp/s54-keys-3f3a2a0e/ai:s54-test-aa29fdba.pub (pass --force to rotate; refused by default to prevent accidental key overwrite)
==2rc==1
==3==
ai-memory: loaded config from /root/.config/ai-memory/config.toml
generated keypair for ai:s54-test-aa29fdba
  key_dir = /tmp/s54-keys-3f3a2a0e
  pub_b64 = UfMQjEecRzfxoRmAC1JM5YgKY5CTAFWYqLKb8I1XT7o
==3rc==0
==4==
ai-memory: loaded config from /root/.config/ai-memory/config.toml
generated keypair for ai:s54-fresh-bca8f8ae
  key_dir = /tmp/s54-keys-3f3a2a0e
  pub_b64 = GADIEGWt9MDxnB6g-HMl1ha5c9xBbKXCxocUk5yRkCc
==4rc==0
ai:s54-fresh-bca8f8ae.priv
ai:s54-fresh-bca8f8ae.pub
ai:s54-test-aa29fdba.priv
ai:s54-test-aa29fdba.pub

