phase A: drop+create aimemory_perf, schema-init, AGE on
  seeding 1000 entities + 5000 edges (layered)
phase B: 10 timed find_paths(depth=5) with AGE on
  age run 1/10: 79.7 ms
  age run 2/10: 69.6 ms
  age run 3/10: 81.4 ms
  age run 4/10: 63.6 ms
  age run 5/10: 61.8 ms
  age run 6/10: 64.7 ms
  age run 7/10: 63.9 ms
  age run 8/10: 61.3 ms
  age run 9/10: 64.6 ms
  age run 10/10: 65.0 ms
phase C: DROP EXTENSION age, 10 timed runs against CTE
  cte run 1/10: 68.3 ms
  cte run 2/10: 64.3 ms
  cte run 3/10: 81.5 ms
  cte run 4/10: 65.3 ms
  cte run 5/10: 87.9 ms
  cte run 6/10: 70.1 ms
  cte run 7/10: 65.3 ms
  cte run 8/10: 83.4 ms
  cte run 9/10: 62.1 ms
  cte run 10/10: 68.2 ms
phase D: restore AGE
summary: age p95=79.7ms  cte p95=83.4ms  ratio=1.05x
