==1==
generated keypair for ai:s54-test-b9ab84a2
  key_dir = /tmp/s54-keys-6f6668db
  pub_b64 = f8is2nxvu9yvdWzDUgjsUjze-kcJWARVqS1vnVLjYAQ
==1rc==0
==2==
ai-memory: loaded config from /root/.config/ai-memory/config.toml
Error: keypair for ai:s54-test-b9ab84a2 already exists at /tmp/s54-keys-6f6668db/ai:s54-test-b9ab84a2.pub (pass --force to rotate; refused by default to prevent accidental key overwrite)
==2rc==1
==3==
ai-memory: loaded config from /root/.config/ai-memory/config.toml
generated keypair for ai:s54-test-b9ab84a2
  key_dir = /tmp/s54-keys-6f6668db
  pub_b64 = Wc47bn-PlP54ouiGraF_tGJoYv-4ysXWMIg3suyyizw
==3rc==0
==4==
ai-memory: loaded config from /root/.config/ai-memory/config.toml
generated keypair for ai:s54-fresh-a09a7a8d
  key_dir = /tmp/s54-keys-6f6668db
  pub_b64 = EnikmkNauttgT0InmUXZku9mMhqM25iDk-fedl7bZa8
==4rc==0
ai:s54-fresh-a09a7a8d.priv
ai:s54-fresh-a09a7a8d.pub
ai:s54-test-b9ab84a2.priv
ai:s54-test-b9ab84a2.pub

